START 2026-10-07T08:40:15.828Z plan=stage0 commit=f0bd9bc5bcf65b155bf895d62e2f4ed500553941 todo=212 threads=4
END 2026-10-07T09:51:42.121Z s0-T320a1-10377 seconds=4285.9
END 2026-10-07T09:52:12.324Z s0-T320a1-10379 seconds=4316.0
END 2026-10-07T09:52:30.189Z s0-T320a1-10378 seconds=4333.9
END 2026-10-07T09:53:43.369Z s0-T320a1-10380 seconds=4407.1
END 2026-10-07T09:57:17.417Z s0-C80-10417 seconds=335.3
END 2026-10-07T09:57:47.577Z s0-C80-10418 seconds=335.3
END 2026-10-07T09:58:06.342Z s0-C80-10419 seconds=336.1
END 2026-10-07T09:59:23.783Z s0-C80-10420 seconds=340.4
END 2026-10-07T10:02:22.359Z s0-L160-10385 seconds=304.9
END 2026-10-07T10:02:50.997Z s0-L160-10386 seconds=303.4
END 2026-10-07T10:03:09.260Z s0-L160-10387 seconds=302.9
END 2026-10-07T10:04:26.598Z s0-L160-10388 seconds=302.8
END 2026-10-07T10:07:17.818Z s0-L160-10389 seconds=295.4
END 2026-10-07T10:07:51.784Z s0-L160-10390 seconds=300.8
END 2026-10-07T10:08:13.485Z s0-L160-10391 seconds=304.2
END 2026-10-07T10:09:29.105Z s0-L160-10392 seconds=302.5
END 2026-10-07T10:11:27.082Z s0-SL-10049 seconds=249.3
END 2026-10-07T10:12:05.251Z s0-SL-10050 seconds=253.5
END 2026-10-07T10:12:29.526Z s0-SL-10051 seconds=256.0
END 2026-10-07T10:13:35.599Z s0-SL-10052 seconds=246.5
END 2026-10-07T10:15:31.936Z s0-SL-10053 seconds=244.9
END 2026-10-07T10:16:13.786Z s0-SL-10054 seconds=248.5
END 2026-10-07T10:16:41.738Z s0-SL-10055 seconds=252.2
END 2026-10-07T10:17:44.117Z s0-SL-10056 seconds=248.5
END 2026-10-07T10:19:19.908Z s0-T160a1-10353 seconds=228.0
END 2026-10-07T10:19:58.468Z s0-T160a1-10354 seconds=224.7
END 2026-10-07T10:20:29.473Z s0-T160a1-10355 seconds=227.7
END 2026-10-07T10:21:32.805Z s0-T160a1-10356 seconds=228.7
END 2026-10-07T10:23:05.485Z s0-T160a1-10357 seconds=225.6
END 2026-10-07T10:23:44.332Z s0-T160a1-10358 seconds=225.9
END 2026-10-07T10:24:17.250Z s0-T160a1-10359 seconds=227.8
END 2026-10-07T10:25:20.915Z s0-T160a1-10360 seconds=228.1
END 2026-10-07T10:26:52.262Z s0-T160a1-10361 seconds=226.8
END 2026-10-07T10:27:31.230Z s0-T160a1-10362 seconds=226.9
END 2026-10-07T10:27:45.660Z s0-C40-10409 seconds=53.4
END 2026-10-07T10:28:05.337Z s0-T160a1-10363 seconds=228.1
END 2026-10-07T10:28:25.600Z s0-C40-10410 seconds=54.4
END 2026-10-07T10:28:38.352Z s0-C40-10411 seconds=52.7
END 2026-10-07T10:28:59.937Z s0-C40-10412 seconds=54.6
END 2026-10-07T10:29:04.389Z s0-SK22-10033 seconds=38.8
END 2026-10-07T10:29:07.590Z s0-T160a1-10364 seconds=226.7
END 2026-10-07T10:29:16.773Z s0-SK22-10034 seconds=38.4
END 2026-10-07T10:29:38.613Z s0-SK22-10035 seconds=38.7
END 2026-10-07T10:29:43.158Z s0-SK22-10036 seconds=38.8
END 2026-10-07T10:29:47.357Z s0-SK22-10037 seconds=39.8
END 2026-10-07T10:29:55.709Z s0-SK22-10038 seconds=38.9
END 2026-10-07T10:30:08.397Z s0-W40-10401 seconds=21.0
END 2026-10-07T10:30:16.803Z s0-W40-10402 seconds=21.1
END 2026-10-07T10:30:17.559Z s0-SK22-10039 seconds=38.9
END 2026-10-07T10:30:21.616Z s0-SK22-10040 seconds=38.5
END 2026-10-07T10:30:30.751Z s0-W40-10403 seconds=22.4
END 2026-10-07T10:30:38.460Z s0-W40-10404 seconds=21.7
END 2026-10-07T10:30:51.912Z s0-SK20-10017 seconds=34.4
END 2026-10-07T10:30:56.300Z s0-SK20-10018 seconds=34.7
END 2026-10-07T10:31:04.534Z s0-SK20-10019 seconds=33.8
END 2026-10-07T10:31:12.048Z s0-SK20-10020 seconds=33.6
END 2026-10-07T10:31:25.148Z s0-SK20-10021 seconds=33.2
END 2026-10-07T10:31:30.057Z s0-SK20-10022 seconds=33.8
END 2026-10-07T10:31:39.665Z s0-SK20-10023 seconds=35.1
END 2026-10-07T10:31:45.898Z s0-SK20-10024 seconds=33.9
END 2026-10-07T10:31:54.812Z s0-SK18-10001 seconds=29.7
END 2026-10-07T10:31:59.597Z s0-SK18-10002 seconds=29.5
END 2026-10-07T10:32:09.981Z s0-SK18-10003 seconds=30.3
END 2026-10-07T10:32:15.595Z s0-SK18-10004 seconds=29.7
END 2026-10-07T10:32:24.417Z s0-SK18-10005 seconds=29.6
END 2026-10-07T10:32:29.786Z s0-SK18-10006 seconds=30.2
END 2026-10-07T10:32:40.707Z s0-SK18-10007 seconds=30.7
END 2026-10-07T10:32:42.803Z s0-T80a1-10065 seconds=18.4
END 2026-10-07T10:32:45.821Z s0-SK18-10008 seconds=30.2
END 2026-10-07T10:32:48.101Z s0-T80a1-10066 seconds=18.3
END 2026-10-07T10:32:57.473Z s0-T80a1-10067 seconds=16.8
END 2026-10-07T10:32:59.670Z s0-T80a1-10068 seconds=16.9
END 2026-10-07T10:33:02.798Z s0-T80a1-10069 seconds=17.0
END 2026-10-07T10:33:05.177Z s0-T80a1-10070 seconds=17.1
END 2026-10-07T10:33:14.230Z s0-T80a1-10071 seconds=16.8
END 2026-10-07T10:33:17.221Z s0-T80a1-10072 seconds=17.6
END 2026-10-07T10:33:20.123Z s0-T80a1-10073 seconds=17.3
END 2026-10-07T10:33:22.071Z s0-T80a1-10074 seconds=16.9
END 2026-10-07T10:33:31.891Z s0-T80a1-10075 seconds=17.7
END 2026-10-07T10:33:35.695Z s0-T80a1-10076 seconds=18.5
END 2026-10-07T10:33:37.331Z s0-T80a1-10077 seconds=17.2
END 2026-10-07T10:33:39.185Z s0-T80a1-10078 seconds=17.1
END 2026-10-07T10:33:48.624Z s0-T80a1-10079 seconds=16.7
END 2026-10-07T10:33:52.674Z s0-T80a1-10080 seconds=17.0
END 2026-10-07T10:33:54.457Z s0-T80a1-10081 seconds=17.1
END 2026-10-07T10:33:55.969Z s0-T80a1-10082 seconds=16.8
END 2026-10-07T10:34:05.889Z s0-T80a1-10083 seconds=17.3
END 2026-10-07T10:34:11.076Z s0-T80a1-10084 seconds=18.4
END 2026-10-07T10:34:11.831Z s0-T80a1-10085 seconds=17.4
END 2026-10-07T10:34:13.925Z s0-T80a1-10086 seconds=18.0
END 2026-10-07T10:34:23.759Z s0-T80a1-10087 seconds=17.9
END 2026-10-07T10:34:29.092Z s0-T80a1-10088 seconds=18.0
END 2026-10-07T10:34:29.903Z s0-T80a1-10089 seconds=18.1
END 2026-10-07T10:34:31.551Z s0-T80a1-10090 seconds=17.6
END 2026-10-07T10:34:41.571Z s0-T80a1-10091 seconds=17.8
END 2026-10-07T10:34:46.332Z s0-T80a1-10092 seconds=17.2
END 2026-10-07T10:34:47.188Z s0-T80a1-10093 seconds=17.3
END 2026-10-07T10:34:48.729Z s0-T80a1-10094 seconds=17.2
END 2026-10-07T10:34:58.941Z s0-T80a1-10095 seconds=17.4
END 2026-10-07T10:35:04.062Z s0-T80a1-10096 seconds=17.7
END 2026-10-07T10:35:04.406Z s0-T80a1-10097 seconds=17.2
END 2026-10-07T10:35:06.976Z s0-T80a1-10098 seconds=18.2
END 2026-10-07T10:35:16.058Z s0-T80a1-10099 seconds=17.1
END 2026-10-07T10:35:21.965Z s0-T80a1-10100 seconds=17.9
END 2026-10-07T10:35:22.299Z s0-T80a1-10101 seconds=17.9
END 2026-10-07T10:35:24.526Z s0-T80a1-10102 seconds=17.6
END 2026-10-07T10:35:33.881Z s0-T80a1-10103 seconds=17.8
END 2026-10-07T10:35:39.080Z s0-T80a1-10104 seconds=17.1
END 2026-10-07T10:35:40.540Z s0-T80a1-10105 seconds=18.2
END 2026-10-07T10:35:42.521Z s0-T80a1-10106 seconds=18.0
END 2026-10-07T10:35:50.908Z s0-T80a1-10107 seconds=17.0
END 2026-10-07T10:35:56.286Z s0-T80a1-10108 seconds=17.2
END 2026-10-07T10:35:59.408Z s0-T80a1-10109 seconds=18.9
END 2026-10-07T10:36:00.221Z s0-T80a1-10110 seconds=17.7
END 2026-10-07T10:36:08.926Z s0-T80a1-10111 seconds=18.0
END 2026-10-07T10:36:14.564Z s0-T80a1-10112 seconds=18.3
END 2026-10-07T10:36:15.891Z s0-T80a05-10161 seconds=16.5
END 2026-10-07T10:36:16.877Z s0-T80a05-10162 seconds=16.7
END 2026-10-07T10:36:24.993Z s0-T80a05-10163 seconds=16.1
END 2026-10-07T10:36:31.003Z s0-T80a05-10164 seconds=16.4
END 2026-10-07T10:36:32.289Z s0-T80a05-10165 seconds=16.4
END 2026-10-07T10:36:33.402Z s0-T80a05-10166 seconds=16.5
END 2026-10-07T10:36:41.713Z s0-T80a05-10167 seconds=16.7
END 2026-10-07T10:36:48.044Z s0-T80a05-10168 seconds=17.0
END 2026-10-07T10:36:48.644Z s0-T80a05-10169 seconds=16.4
END 2026-10-07T10:36:49.603Z s0-T80a05-10170 seconds=16.2
END 2026-10-07T10:36:57.843Z s0-T80a05-10171 seconds=16.1
END 2026-10-07T10:37:04.102Z s0-T80a05-10172 seconds=16.1
END 2026-10-07T10:37:04.760Z s0-T80a05-10173 seconds=16.1
END 2026-10-07T10:37:05.782Z s0-T80a05-10174 seconds=16.2
END 2026-10-07T10:37:14.014Z s0-T80a05-10175 seconds=16.2
END 2026-10-07T10:37:21.281Z s0-T80a05-10176 seconds=17.2
END 2026-10-07T10:37:22.305Z s0-T80a05-10177 seconds=17.5
END 2026-10-07T10:37:23.131Z s0-T80a05-10178 seconds=17.3
END 2026-10-07T10:37:30.355Z s0-T80a05-10179 seconds=16.3
END 2026-10-07T10:37:37.792Z s0-T80a05-10180 seconds=16.5
END 2026-10-07T10:37:38.829Z s0-T80a05-10181 seconds=16.5
END 2026-10-07T10:37:39.899Z s0-T80a05-10182 seconds=16.8
END 2026-10-07T10:37:46.806Z s0-T80a05-10183 seconds=16.5
END 2026-10-07T10:37:53.903Z s0-T80a05-10184 seconds=16.1
END 2026-10-07T10:37:54.708Z s0-T80a05-10185 seconds=15.9
END 2026-10-07T10:37:56.287Z s0-T80a05-10186 seconds=16.4
END 2026-10-07T10:38:03.347Z s0-T80a05-10187 seconds=16.5
END 2026-10-07T10:38:10.579Z s0-T80a05-10188 seconds=16.7
END 2026-10-07T10:38:11.220Z s0-T80a05-10189 seconds=16.5
END 2026-10-07T10:38:12.678Z s0-T80a05-10190 seconds=16.4
END 2026-10-07T10:38:19.736Z s0-T80a05-10191 seconds=16.4
END 2026-10-07T10:38:26.912Z s0-T80a05-10192 seconds=16.3
END 2026-10-07T10:38:27.294Z s0-T80a05-10193 seconds=16.1
END 2026-10-07T10:38:28.903Z s0-T80a05-10194 seconds=16.2
END 2026-10-07T10:38:35.826Z s0-T80a05-10195 seconds=16.1
END 2026-10-07T10:38:43.065Z s0-T80a05-10196 seconds=16.2
END 2026-10-07T10:38:43.520Z s0-T80a05-10197 seconds=16.2
END 2026-10-07T10:38:45.079Z s0-T80a05-10198 seconds=16.2
END 2026-10-07T10:38:52.906Z s0-T80a05-10199 seconds=17.1
END 2026-10-07T10:39:00.192Z s0-T80a05-10201 seconds=16.7
END 2026-10-07T10:39:00.194Z s0-T80a05-10200 seconds=17.1
END 2026-10-07T10:39:02.585Z s0-T80a05-10202 seconds=17.5
END 2026-10-07T10:39:09.677Z s0-T80a05-10203 seconds=16.8
END 2026-10-07T10:39:17.530Z s0-T80a05-10204 seconds=17.3
END 2026-10-07T10:39:17.781Z s0-T80a05-10205 seconds=17.6
END 2026-10-07T10:39:19.052Z s0-T80a05-10206 seconds=16.5
END 2026-10-07T10:39:26.297Z s0-T80a05-10207 seconds=16.6
END 2026-10-07T10:39:33.897Z s0-T80a05-10208 seconds=16.4
END 2026-10-07T10:39:34.316Z s0-T80a05-10209 seconds=16.5
END 2026-10-07T10:39:35.818Z s0-T80a05-10210 seconds=16.8
END 2026-10-07T10:39:43.524Z s0-T80a05-10211 seconds=17.2
END 2026-10-07T10:39:51.228Z s0-T80a05-10212 seconds=17.3
END 2026-10-07T10:39:51.446Z s0-T80a05-10213 seconds=17.1
END 2026-10-07T10:39:53.198Z s0-T80a05-10214 seconds=17.4
END 2026-10-07T10:40:00.416Z s0-T80a05-10215 seconds=16.9
END 2026-10-07T10:40:07.867Z s0-T80a05-10217 seconds=16.4
END 2026-10-07T10:40:07.878Z s0-T80a05-10216 seconds=16.6
END 2026-10-07T10:40:09.772Z s0-T80a05-10218 seconds=16.6
START 2026-10-07T10:42:13.234Z plan=stage0 commit=f0bd9bc5bcf65b155bf895d62e2f4ed500553941 todo=38 threads=4
END 2026-10-07T10:42:30.480Z s0-T80a05-10220 seconds=16.9
END 2026-10-07T10:42:30.894Z s0-T80a05-10222 seconds=17.2
END 2026-10-07T10:42:31.533Z s0-T80a05-10221 seconds=17.9
END 2026-10-07T10:42:31.650Z s0-T80a05-10219 seconds=18.0
END 2026-10-07T10:42:46.906Z s0-T80a05-10223 seconds=16.4
END 2026-10-07T10:42:47.635Z s0-T80a05-10224 seconds=16.7
END 2026-10-07T10:42:47.662Z s0-T80a05-10225 seconds=16.1
END 2026-10-07T10:42:48.150Z s0-T80a05-10226 seconds=16.5
END 2026-10-07T10:43:02.713Z s0-T80a05-10227 seconds=15.8
END 2026-10-07T10:43:03.921Z s0-T80a05-10228 seconds=16.3
END 2026-10-07T10:43:04.012Z s0-T80a05-10229 seconds=16.3
END 2026-10-07T10:43:04.565Z s0-T80a05-10230 seconds=16.4
END 2026-10-07T10:43:19.357Z s0-T80a05-10231 seconds=16.6
END 2026-10-07T10:43:20.685Z s0-T80a05-10232 seconds=16.8
END 2026-10-07T10:43:20.869Z s0-T80a05-10234 seconds=16.3
END 2026-10-07T10:43:21.247Z s0-T80a05-10233 seconds=17.2
END 2026-10-07T10:43:35.866Z s0-T80a05-10235 seconds=16.5
END 2026-10-07T10:43:36.912Z s0-T80a05-10236 seconds=16.2
END 2026-10-07T10:43:37.025Z s0-T80a05-10237 seconds=16.2
END 2026-10-07T10:43:37.863Z s0-T80a05-10238 seconds=16.6
END 2026-10-07T10:43:52.692Z s0-T80a05-10239 seconds=16.8
END 2026-10-07T10:43:53.721Z s0-T80a05-10240 seconds=16.8
END 2026-10-07T10:43:54.002Z s0-T80a05-10241 seconds=17.0
END 2026-10-07T10:43:55.126Z s0-T80a05-10242 seconds=17.3
END 2026-10-07T10:44:10.220Z s0-T80a05-10243 seconds=17.5
END 2026-10-07T10:44:10.388Z s0-T80a05-10244 seconds=16.7
END 2026-10-07T10:44:10.485Z s0-T80a05-10245 seconds=16.5
END 2026-10-07T10:44:13.027Z s0-T80a05-10246 seconds=17.9
END 2026-10-07T10:44:27.165Z s0-T80a05-10249 seconds=16.7
END 2026-10-07T10:44:27.477Z s0-T80a05-10248 seconds=17.1
END 2026-10-07T10:44:28.028Z s0-T80a05-10247 seconds=17.8
END 2026-10-07T10:44:29.594Z s0-T80a05-10250 seconds=16.6
END 2026-10-07T10:44:43.975Z s0-T80a05-10251 seconds=16.8
END 2026-10-07T10:44:44.744Z s0-T80a05-10252 seconds=17.3
END 2026-10-07T10:44:45.685Z s0-T80a05-10253 seconds=17.7
END 2026-10-07T10:44:47.328Z s0-T80a05-10254 seconds=17.7
END 2026-10-07T10:45:00.431Z s0-T80a05-10255 seconds=16.5
END 2026-10-07T10:45:01.060Z s0-T80a05-10256 seconds=16.3
FINISH 2026-10-07T10:45:01.079Z failed=0 wall=168s
START 2026-10-07T10:53:49.057Z plan=stage0 commit=f0bd9bc5bcf65b155bf895d62e2f4ed500553941 todo=6 threads=4
END 2026-10-07T10:58:06.393Z s0-T160a1-10365 seconds=257.0
END 2026-10-07T10:58:07.152Z s0-T160a1-10366 seconds=257.7
END 2026-10-07T10:58:24.487Z s0-T80a1-10113 seconds=18.1
END 2026-10-07T10:58:25.348Z s0-T80a1-10114 seconds=18.2
END 2026-10-07T10:59:11.412Z s0-L160-10393 seconds=322.0
END 2026-10-07T11:54:27.437Z s0-T320a1-10381 seconds=3638.1
FINISH 2026-10-07T11:54:27.458Z failed=0 wall=3638s
START 2026-10-07T11:57:03.984Z plan=stage0 commit=f0bd9bc5bcf65b155bf895d62e2f4ed500553941 todo=53 threads=4
END 2026-10-07T12:02:04.295Z s0-L160-10396 seconds=299.8
END 2026-10-07T12:02:06.540Z s0-L160-10395 seconds=302.1
END 2026-10-07T12:02:06.648Z s0-L160-10394 seconds=302.4
END 2026-10-07T12:02:09.069Z s0-L160-10397 seconds=304.6
END 2026-10-07T12:02:26.619Z s0-T80a1-10115 seconds=17.6
END 2026-10-07T12:02:44.860Z s0-T80a1-10116 seconds=18.2
END 2026-10-07T12:03:03.215Z s0-T80a1-10117 seconds=18.4
END 2026-10-07T12:03:21.333Z s0-T80a1-10118 seconds=18.1
END 2026-10-07T12:03:40.245Z s0-T80a1-10119 seconds=18.9
END 2026-10-07T12:03:59.241Z s0-T80a1-10120 seconds=19.0
END 2026-10-07T12:04:18.734Z s0-T80a1-10121 seconds=19.5
END 2026-10-07T12:04:36.309Z s0-T80a1-10122 seconds=17.6
END 2026-10-07T12:04:55.767Z s0-T80a1-10123 seconds=19.5
END 2026-10-07T12:05:14.386Z s0-T80a1-10124 seconds=18.6
END 2026-10-07T12:05:31.806Z s0-T80a1-10125 seconds=17.4
END 2026-10-07T12:05:49.840Z s0-T80a1-10126 seconds=18.0
END 2026-10-07T12:06:07.827Z s0-T80a1-10127 seconds=18.0
END 2026-10-07T12:06:26.392Z s0-T80a1-10128 seconds=18.6
END 2026-10-07T12:06:44.216Z s0-T80a1-10129 seconds=17.8
END 2026-10-07T12:07:02.945Z s0-T80a1-10130 seconds=18.7
END 2026-10-07T12:07:14.244Z s0-L160-10399 seconds=307.7
END 2026-10-07T12:07:14.372Z s0-L160-10398 seconds=310.1
END 2026-10-07T12:07:15.121Z s0-L160-10400 seconds=308.5
END 2026-10-07T12:07:21.657Z s0-T80a1-10131 seconds=18.7
END 2026-10-07T12:07:32.234Z s0-T80a1-10133 seconds=17.9
END 2026-10-07T12:07:32.310Z s0-T80a1-10132 seconds=18.1
END 2026-10-07T12:07:33.344Z s0-T80a1-10134 seconds=18.2
END 2026-10-07T12:07:39.783Z s0-T80a1-10135 seconds=18.1
END 2026-10-07T12:07:49.993Z s0-T80a1-10136 seconds=17.8
END 2026-10-07T12:07:50.811Z s0-T80a1-10137 seconds=18.5
END 2026-10-07T12:07:52.066Z s0-T80a1-10138 seconds=18.7
END 2026-10-07T12:07:57.393Z s0-T80a1-10139 seconds=17.6
END 2026-10-07T12:08:07.472Z s0-T80a1-10140 seconds=17.5
END 2026-10-07T12:08:08.859Z s0-T80a1-10141 seconds=18.0
END 2026-10-07T12:08:09.662Z s0-T80a1-10142 seconds=17.6
END 2026-10-07T12:08:14.728Z s0-T80a1-10143 seconds=17.3
END 2026-10-07T12:08:25.366Z s0-T80a1-10144 seconds=17.9
END 2026-10-07T12:08:27.327Z s0-T80a1-10145 seconds=18.5
END 2026-10-07T12:08:27.779Z s0-T80a1-10146 seconds=18.1
END 2026-10-07T12:08:32.053Z s0-T80a1-10147 seconds=17.3
END 2026-10-07T12:08:43.763Z s0-T80a1-10148 seconds=18.4
END 2026-10-07T12:08:46.734Z s0-T80a1-10150 seconds=19.0
END 2026-10-07T12:08:47.033Z s0-T80a1-10149 seconds=19.7
END 2026-10-07T12:08:50.841Z s0-T80a1-10151 seconds=18.8
END 2026-10-07T12:09:02.813Z s0-T80a1-10152 seconds=19.0
END 2026-10-07T12:09:05.270Z s0-T80a1-10154 seconds=18.2
END 2026-10-07T12:09:05.890Z s0-T80a1-10153 seconds=19.2
END 2026-10-07T12:09:09.866Z s0-T80a1-10155 seconds=19.0
END 2026-10-07T12:09:22.143Z s0-T80a1-10156 seconds=19.3
END 2026-10-07T12:09:23.807Z s0-T80a1-10157 seconds=18.5
END 2026-10-07T12:09:25.329Z s0-T80a1-10158 seconds=19.4
END 2026-10-07T12:09:27.489Z s0-T80a1-10159 seconds=17.6
END 2026-10-07T12:09:39.760Z s0-T80a1-10160 seconds=17.6
FINISH 2026-10-07T12:09:39.768Z failed=0 wall=756s
